// Jest Snapshot v1, https://goo.gl/fbAQLP

exports[`constructAppetizeURL constructs appetize URL 1`] = `"https://appetize.io/embed/4piegq2iwqmc2alvrlqvenp3dy?autoplay=false&debug=true&device=iphone12&deviceColor=black&embed=true&orientation=portrait&scale=65&screenOnly=false&xDocMsg=true&xdocMsg=true&params=%7B%22EXDevMenuDisableAutoLaunch%22%3Atrue%2C%22EXKernelLaunchUrlDefaultsKey%22%3A%22exp%3A%2F%2Fexp.host%2F%40snack%2Fsdk.48.0.0-456a768%22%2C%22EXKernelDisableNuxDefaultsKey%22%3Atrue%7D"`;

exports[`constructAppetizeURL constructs appetize URL 2`] = `"https://appetize.io/embed/5aemtcdrvz6kq7togroc2fvtdu?autoplay=true&debug=true&device=pixel4&deviceColor=black&embed=true&launchUrl=exp%3A%2F%2Fexp.host%2F%40snack%2Fsdk.48.0.0-456a768&orientation=portrait&pc=asdf&scale=2&screenOnly=false&xDocMsg=true&xdocMsg=true&params=%7B%22EXDevMenuDisableAutoLaunch%22%3Atrue%2C%22EXKernelLaunchUrlDefaultsKey%22%3A%22exp%3A%2F%2Fexp.host%2F%40snack%2Fsdk.48.0.0-456a768%22%2C%22EXKernelDisableNuxDefaultsKey%22%3Atrue%7D"`;
