// Jest Snapshot v1, https://goo.gl/fbAQLP

exports[`constructs appetize URL 1`] = `"https://appetize.io/embed/8bnmakzrptf1hv9dq7v7bnteem?autoplay=false&debug=true&device=iphone12&deviceColor=black&embed=true&orientation=portrait&screenOnly=false&xDocMsg=true&xdocMsg=true&params=%7B%22EXDevMenuDisableAutoLaunch%22%3Atrue%2C%22EXKernelLaunchUrlDefaultsKey%22%3A%22exp%3A%2F%2Fexp.host%2F%40snack%2Fsdk.39.0.0-456a768%22%2C%22EXKernelDisableNuxDefaultsKey%22%3Atrue%7D"`;

exports[`constructs appetize URL 2`] = `"https://appetize.io/embed/af5yxyj38991wyb09c5p7n1790?autoplay=true&debug=true&device=pixel4&deviceColor=black&embed=true&launchUrl=exp%3A%2F%2Fexp.host%2F%40snack%2Fsdk.39.0.0-456a768&orientation=portrait&pc=asdf&scale=2&screenOnly=true&xDocMsg=true&xdocMsg=true&params=%7B%22EXDevMenuDisableAutoLaunch%22%3Atrue%2C%22EXKernelLaunchUrlDefaultsKey%22%3A%22exp%3A%2F%2Fexp.host%2F%40snack%2Fsdk.39.0.0-456a768%22%2C%22EXKernelDisableNuxDefaultsKey%22%3Atrue%7D"`;
