// Jest Snapshot v1, https://goo.gl/fbAQLP

exports[`renders children 1`] = `
<ImportFilesManager
  className="container_wgmchy"
  entries={
    Array [
      Object {
        "item": Object {
          "content": "",
          "path": "App.js",
          "type": "file",
          "virtual": false,
        },
        "state": Object {
          "isError": false,
          "isFocused": true,
          "isLoading": false,
          "isOpen": true,
          "isSelected": true,
        },
      },
      Object {
        "item": Object {
          "path": "components",
          "type": "folder",
        },
        "state": Object {},
      },
      Object {
        "item": Object {
          "content": "",
          "path": "components/Icon.js",
          "type": "file",
          "virtual": false,
        },
        "state": Object {
          "isError": false,
          "isFocused": false,
          "isLoading": false,
          "isOpen": false,
          "isSelected": false,
        },
      },
    ]
  }
  onImportFile={[Function]}
  render={[Function]}
  uploadFileAsync={[MockFunction]}
/>
`;
